../Core/Src/main.c:84:17:ProcessAM1002Data	32	static
../Core/Src/main.c:81:5:main	200	static
../Core/Src/main.c:104:8:PrintAM1002Data	64	static
../Core/Src/main.c:131:17:ProcessAndPrintAM1002	64	static
../Core/Src/main.c:237:6:SystemClock_Config	112	static
../Core/Src/main.c:279:13:MX_TIM2_Init	32	static
../Core/Src/main.c:324:13:MX_USART2_UART_Init	8	static
../Core/Src/main.c:358:13:MX_USART3_UART_Init	8	static
../Core/Src/main.c:390:13:MX_DMA_Init	16	static
../Core/Src/main.c:407:13:MX_GPIO_Init	48	static
../Core/Src/main.c:440:6:Error_Handler	8	static,ignoring_inline_asm
