../Core/Src/main.c:84:17:ProcessAM1002Data	32	static
../Core/Src/main.c:81:5:main	184	static
../Core/Src/main.c:131:17:ProcessAndPrintAM1002	56	static
../Core/Src/main.c:326:6:SystemClock_Config	112	static
../Core/Src/main.c:368:13:MX_TIM2_Init	32	static
../Core/Src/main.c:413:13:MX_USART2_UART_Init	8	static
../Core/Src/main.c:447:13:MX_USART3_UART_Init	8	static
../Core/Src/main.c:479:13:MX_DMA_Init	16	static
../Core/Src/main.c:496:13:MX_GPIO_Init	48	static
../Core/Src/main.c:529:6:Error_Handler	8	static,ignoring_inline_asm
