../Core/Src/stm32f0xx_it.c:73:6:NMI_Handler	8	static
../Core/Src/stm32f0xx_it.c:88:6:HardFault_Handler	8	static
../Core/Src/stm32f0xx_it.c:103:6:SVC_Handler	8	static
../Core/Src/stm32f0xx_it.c:116:6:PendSV_Handler	8	static
../Core/Src/stm32f0xx_it.c:129:6:SysTick_Handler	8	static
../Core/Src/stm32f0xx_it.c:150:6:DMA1_Channel4_5_6_7_IRQHandler	8	static
../Core/Src/stm32f0xx_it.c:165:6:TIM2_IRQHandler	8	static
../Core/Src/stm32f0xx_it.c:179:6:USART2_IRQHandler	8	static
../Core/Src/stm32f0xx_it.c:193:6:USART3_4_IRQHandler	8	static
